2026-09-26 22:23:34.122 +03:00 [WRN] Entity 'Product' has a global query filter defined and is the required end of a relationship with the entity 'CartItem'. This may lead to unexpected results when the required entity is filtered out. Either configure the navigation as optional, or define matching query filters for both entities in the navigation. See https://go.microsoft.com/fwlink/?linkid=2131316 for more information.
2026-09-26 22:23:34.189 +03:00 [WRN] Entity 'Product' has a global query filter defined and is the required end of a relationship with the entity 'InventoryTransaction'. This may lead to unexpected results when the required entity is filtered out. Either configure the navigation as optional, or define matching query filters for both entities in the navigation. See https://go.microsoft.com/fwlink/?linkid=2131316 for more information.
2026-09-26 22:23:34.195 +03:00 [WRN] Entity 'Product' has a global query filter defined and is the required end of a relationship with the entity 'ProductImage'. This may lead to unexpected results when the required entity is filtered out. Either configure the navigation as optional, or define matching query filters for both entities in the navigation. See https://go.microsoft.com/fwlink/?linkid=2131316 for more information.
2026-09-26 22:23:34.216 +03:00 [WRN] Sensitive data logging is enabled. Log entries and exception messages may include sensitive application data; this mode should only be enabled during development.
2026-09-26 22:23:35.624 +03:00 [INF] Executed DbCommand (54ms) [Parameters=[], CommandType='"Text"', CommandTimeout='30']
SELECT "MigrationId", "ProductVersion"
FROM "__EFMigrationsHistory"
ORDER BY "MigrationId";
2026-09-26 22:23:36.463 +03:00 [INF] Executed DbCommand (11ms) [Parameters=[], CommandType='"Text"', CommandTimeout='30']
SELECT 1
2026-09-26 22:23:36.561 +03:00 [INF] Executed DbCommand (6ms) [Parameters=[], CommandType='"Text"', CommandTimeout='30']
CREATE TABLE IF NOT EXISTS "__EFMigrationsHistory" (
    "MigrationId" character varying(150) NOT NULL,
    "ProductVersion" character varying(32) NOT NULL,
    CONSTRAINT "PK___EFMigrationsHistory" PRIMARY KEY ("MigrationId")
);
2026-09-26 22:23:36.584 +03:00 [INF] Executed DbCommand (1ms) [Parameters=[], CommandType='"Text"', CommandTimeout='30']
LOCK TABLE "__EFMigrationsHistory" IN ACCESS EXCLUSIVE MODE
2026-09-26 22:23:36.591 +03:00 [INF] Executed DbCommand (2ms) [Parameters=[], CommandType='"Text"', CommandTimeout='30']
SELECT "MigrationId", "ProductVersion"
FROM "__EFMigrationsHistory"
ORDER BY "MigrationId";
2026-09-26 22:23:36.608 +03:00 [INF] Database migration applied successfully.
2026-09-26 22:23:36.872 +03:00 [WRN] The query uses the 'First'/'FirstOrDefault' operator without 'OrderBy' and filter operators. This may lead to unpredictable results.
2026-09-26 22:23:37.090 +03:00 [INF] Executed DbCommand (5ms) [Parameters=[], CommandType='"Text"', CommandTimeout='30']
SELECT d."Id", d."BaseDistanceKm", d."BaseFee", d."FreeDeliveryRadius", d."IsEnabled", d."PerKmFee", d."UpdatedAt", d."UpdatedBy"
FROM "DeliverySettings" AS d
LIMIT 1
2026-09-26 22:23:37.289 +03:00 [INF] Executed DbCommand (2ms) [Parameters=[], CommandType='"Text"', CommandTimeout='30']
SELECT EXISTS (
    SELECT 1
    FROM "PaymentSettings" AS p)
2026-09-26 22:23:37.309 +03:00 [INF] Executed DbCommand (4ms) [Parameters=[], CommandType='"Text"', CommandTimeout='30']
SELECT EXISTS (
    SELECT 1
    FROM "CancellationReasons" AS c)
2026-09-26 22:23:37.414 +03:00 [INF] Executed DbCommand (22ms) [Parameters=[@adminPhone='777000000'], CommandType='"Text"', CommandTimeout='30']
SELECT EXISTS (
    SELECT 1
    FROM "Users" AS u
    WHERE u."Phone" = @adminPhone)
2026-09-26 22:23:37.424 +03:00 [INF] Executed DbCommand (1ms) [Parameters=[@driverPhone='777000222'], CommandType='"Text"', CommandTimeout='30']
SELECT EXISTS (
    SELECT 1
    FROM "Users" AS u
    WHERE u."Phone" = @driverPhone)
2026-09-26 22:23:37.437 +03:00 [INF] Executed DbCommand (3ms) [Parameters=[], CommandType='"Text"', CommandTimeout='30']
SELECT EXISTS (
    SELECT 1
    FROM "Categories" AS c)
2026-09-26 22:23:37.450 +03:00 [INF] BS Store API starting on Development
2026-09-26 22:34:24.055 +03:00 [WRN] Entity 'Product' has a global query filter defined and is the required end of a relationship with the entity 'CartItem'. This may lead to unexpected results when the required entity is filtered out. Either configure the navigation as optional, or define matching query filters for both entities in the navigation. See https://go.microsoft.com/fwlink/?linkid=2131316 for more information.
2026-09-26 22:34:24.126 +03:00 [WRN] Entity 'Product' has a global query filter defined and is the required end of a relationship with the entity 'InventoryTransaction'. This may lead to unexpected results when the required entity is filtered out. Either configure the navigation as optional, or define matching query filters for both entities in the navigation. See https://go.microsoft.com/fwlink/?linkid=2131316 for more information.
2026-09-26 22:34:24.130 +03:00 [WRN] Entity 'Product' has a global query filter defined and is the required end of a relationship with the entity 'ProductImage'. This may lead to unexpected results when the required entity is filtered out. Either configure the navigation as optional, or define matching query filters for both entities in the navigation. See https://go.microsoft.com/fwlink/?linkid=2131316 for more information.
2026-09-26 22:34:24.147 +03:00 [WRN] Sensitive data logging is enabled. Log entries and exception messages may include sensitive application data; this mode should only be enabled during development.
2026-09-26 22:34:24.711 +03:00 [INF] Executed DbCommand (34ms) [Parameters=[], CommandType='"Text"', CommandTimeout='30']
SELECT "MigrationId", "ProductVersion"
FROM "__EFMigrationsHistory"
ORDER BY "MigrationId";
2026-09-26 22:34:25.135 +03:00 [INF] Executed DbCommand (10ms) [Parameters=[], CommandType='"Text"', CommandTimeout='30']
SELECT 1
2026-09-26 22:34:25.252 +03:00 [INF] Executed DbCommand (8ms) [Parameters=[], CommandType='"Text"', CommandTimeout='30']
CREATE TABLE IF NOT EXISTS "__EFMigrationsHistory" (
    "MigrationId" character varying(150) NOT NULL,
    "ProductVersion" character varying(32) NOT NULL,
    CONSTRAINT "PK___EFMigrationsHistory" PRIMARY KEY ("MigrationId")
);
2026-09-26 22:34:25.287 +03:00 [INF] Executed DbCommand (1ms) [Parameters=[], CommandType='"Text"', CommandTimeout='30']
LOCK TABLE "__EFMigrationsHistory" IN ACCESS EXCLUSIVE MODE
2026-09-26 22:34:25.299 +03:00 [INF] Executed DbCommand (3ms) [Parameters=[], CommandType='"Text"', CommandTimeout='30']
SELECT "MigrationId", "ProductVersion"
FROM "__EFMigrationsHistory"
ORDER BY "MigrationId";
2026-09-26 22:34:25.315 +03:00 [INF] Database migration applied successfully.
2026-09-26 22:34:25.549 +03:00 [WRN] The query uses the 'First'/'FirstOrDefault' operator without 'OrderBy' and filter operators. This may lead to unpredictable results.
2026-09-26 22:34:25.722 +03:00 [INF] Executed DbCommand (2ms) [Parameters=[], CommandType='"Text"', CommandTimeout='30']
SELECT d."Id", d."BaseDistanceKm", d."BaseFee", d."FreeDeliveryRadius", d."IsEnabled", d."PerKmFee", d."UpdatedAt", d."UpdatedBy"
FROM "DeliverySettings" AS d
LIMIT 1
2026-09-26 22:34:25.883 +03:00 [INF] Executed DbCommand (1ms) [Parameters=[], CommandType='"Text"', CommandTimeout='30']
SELECT EXISTS (
    SELECT 1
    FROM "PaymentSettings" AS p)
2026-09-26 22:34:25.891 +03:00 [INF] Executed DbCommand (1ms) [Parameters=[], CommandType='"Text"', CommandTimeout='30']
SELECT EXISTS (
    SELECT 1
    FROM "CancellationReasons" AS c)
2026-09-26 22:34:25.971 +03:00 [INF] Executed DbCommand (12ms) [Parameters=[@adminPhone='777000000'], CommandType='"Text"', CommandTimeout='30']
SELECT EXISTS (
    SELECT 1
    FROM "Users" AS u
    WHERE u."Phone" = @adminPhone)
2026-09-26 22:34:25.980 +03:00 [INF] Executed DbCommand (1ms) [Parameters=[@driverPhone='777000222'], CommandType='"Text"', CommandTimeout='30']
SELECT EXISTS (
    SELECT 1
    FROM "Users" AS u
    WHERE u."Phone" = @driverPhone)
2026-09-26 22:34:25.990 +03:00 [INF] Executed DbCommand (1ms) [Parameters=[], CommandType='"Text"', CommandTimeout='30']
SELECT EXISTS (
    SELECT 1
    FROM "Categories" AS c)
2026-09-26 22:34:26.002 +03:00 [INF] BS Store API starting on Development
2026-09-26 23:03:08.615 +03:00 [WRN] Entity 'Product' has a global query filter defined and is the required end of a relationship with the entity 'CartItem'. This may lead to unexpected results when the required entity is filtered out. Either configure the navigation as optional, or define matching query filters for both entities in the navigation. See https://go.microsoft.com/fwlink/?linkid=2131316 for more information.
2026-09-26 23:03:08.669 +03:00 [WRN] Entity 'Product' has a global query filter defined and is the required end of a relationship with the entity 'InventoryTransaction'. This may lead to unexpected results when the required entity is filtered out. Either configure the navigation as optional, or define matching query filters for both entities in the navigation. See https://go.microsoft.com/fwlink/?linkid=2131316 for more information.
2026-09-26 23:03:08.670 +03:00 [WRN] Entity 'Product' has a global query filter defined and is the required end of a relationship with the entity 'ProductImage'. This may lead to unexpected results when the required entity is filtered out. Either configure the navigation as optional, or define matching query filters for both entities in the navigation. See https://go.microsoft.com/fwlink/?linkid=2131316 for more information.
2026-09-26 23:03:08.681 +03:00 [WRN] Sensitive data logging is enabled. Log entries and exception messages may include sensitive application data; this mode should only be enabled during development.
2026-09-26 23:03:09.338 +03:00 [INF] Executed DbCommand (32ms) [Parameters=[], CommandType='"Text"', CommandTimeout='30']
SELECT "MigrationId", "ProductVersion"
FROM "__EFMigrationsHistory"
ORDER BY "MigrationId";
2026-09-26 23:03:09.678 +03:00 [INF] Executed DbCommand (11ms) [Parameters=[], CommandType='"Text"', CommandTimeout='30']
SELECT 1
2026-09-26 23:03:09.756 +03:00 [INF] Executed DbCommand (9ms) [Parameters=[], CommandType='"Text"', CommandTimeout='30']
CREATE TABLE IF NOT EXISTS "__EFMigrationsHistory" (
    "MigrationId" character varying(150) NOT NULL,
    "ProductVersion" character varying(32) NOT NULL,
    CONSTRAINT "PK___EFMigrationsHistory" PRIMARY KEY ("MigrationId")
);
2026-09-26 23:03:09.782 +03:00 [INF] Executed DbCommand (2ms) [Parameters=[], CommandType='"Text"', CommandTimeout='30']
LOCK TABLE "__EFMigrationsHistory" IN ACCESS EXCLUSIVE MODE
2026-09-26 23:03:09.786 +03:00 [INF] Executed DbCommand (2ms) [Parameters=[], CommandType='"Text"', CommandTimeout='30']
SELECT "MigrationId", "ProductVersion"
FROM "__EFMigrationsHistory"
ORDER BY "MigrationId";
2026-09-26 23:03:09.796 +03:00 [INF] Database migration applied successfully.
2026-09-26 23:03:09.971 +03:00 [WRN] The query uses the 'First'/'FirstOrDefault' operator without 'OrderBy' and filter operators. This may lead to unpredictable results.
2026-09-26 23:03:10.214 +03:00 [INF] Executed DbCommand (7ms) [Parameters=[], CommandType='"Text"', CommandTimeout='30']
SELECT d."Id", d."BaseDistanceKm", d."BaseFee", d."FreeDeliveryRadius", d."IsEnabled", d."PerKmFee", d."UpdatedAt", d."UpdatedBy"
FROM "DeliverySettings" AS d
LIMIT 1
2026-09-26 23:03:10.350 +03:00 [INF] Executed DbCommand (2ms) [Parameters=[], CommandType='"Text"', CommandTimeout='30']
SELECT EXISTS (
    SELECT 1
    FROM "PaymentSettings" AS p)
2026-09-26 23:03:10.359 +03:00 [INF] Executed DbCommand (5ms) [Parameters=[], CommandType='"Text"', CommandTimeout='30']
SELECT EXISTS (
    SELECT 1
    FROM "CancellationReasons" AS c)
2026-09-26 23:03:10.442 +03:00 [INF] Executed DbCommand (20ms) [Parameters=[@adminPhone='777000000'], CommandType='"Text"', CommandTimeout='30']
SELECT EXISTS (
    SELECT 1
    FROM "Users" AS u
    WHERE u."Phone" = @adminPhone)
2026-09-26 23:03:10.447 +03:00 [INF] Executed DbCommand (1ms) [Parameters=[@driverPhone='777000222'], CommandType='"Text"', CommandTimeout='30']
SELECT EXISTS (
    SELECT 1
    FROM "Users" AS u
    WHERE u."Phone" = @driverPhone)
2026-09-26 23:03:10.455 +03:00 [INF] Executed DbCommand (4ms) [Parameters=[], CommandType='"Text"', CommandTimeout='30']
SELECT EXISTS (
    SELECT 1
    FROM "Categories" AS c)
2026-09-26 23:03:10.464 +03:00 [INF] BS Store API starting on Development
2026-09-26 23:03:33.990 +03:00 [INF] Executed DbCommand (12ms) [Parameters=[@request_Phone='777000000'], CommandType='"Text"', CommandTimeout='30']
SELECT u."Id", u."CreatedAt", u."Email", u."FcmToken", u."IsActive", u."PasswordHash", u."Phone", u."Role", u."UpdatedAt", c."Id", c."CreatedAt", c."FullName", c."ProfileImageKey", c."UpdatedAt", c."UserId", d."Id", d."CreatedAt", d."FullName", d."Phone", d."Status", d."UpdatedAt", d."UserId"
FROM "Users" AS u
LEFT JOIN "Customers" AS c ON u."Id" = c."UserId"
LEFT JOIN "Drivers" AS d ON u."Id" = d."UserId"
WHERE u."Phone" = @request_Phone
LIMIT 1
2026-09-26 23:03:34.959 +03:00 [ERR] HTTP POST /api/auth/login responded 500 in 1267.3916 ms
BSStore.Domain.Exceptions.BusinessRuleException: رقم الهاتف أو كلمة المرور غير صحيحة.
   at BSStore.Infrastructure.Services.AuthService.LoginAsync(LoginRequest request, CancellationToken ct) in d:\MyProjects\BS_Store\backend\src\BSStore.Infrastructure\Services\AuthService.cs:line 86
   at BSStore.API.Controllers.AuthController.Login(LoginRequest request, CancellationToken ct) in d:\MyProjects\BS_Store\backend\src\BSStore.API\Controllers\AuthController.cs:line 38
   at Microsoft.AspNetCore.Mvc.Infrastructure.ActionMethodExecutor.TaskOfIActionResultExecutor.Execute(ActionContext actionContext, IActionResultTypeMapper mapper, ObjectMethodExecutor executor, Object controller, Object[] arguments)
   at Microsoft.AspNetCore.Mvc.Infrastructure.ControllerActionInvoker.<InvokeActionMethodAsync>g__Awaited|12_0(ControllerActionInvoker invoker, ValueTask`1 actionResultValueTask)
   at Microsoft.AspNetCore.Mvc.Infrastructure.ControllerActionInvoker.<InvokeNextActionFilterAsync>g__Awaited|10_0(ControllerActionInvoker invoker, Task lastTask, State next, Scope scope, Object state, Boolean isCompleted)
   at Microsoft.AspNetCore.Mvc.Infrastructure.ControllerActionInvoker.Rethrow(ActionExecutedContextSealed context)
   at Microsoft.AspNetCore.Mvc.Infrastructure.ControllerActionInvoker.Next(State& next, Scope& scope, Object& state, Boolean& isCompleted)
   at Microsoft.AspNetCore.Mvc.Infrastructure.ControllerActionInvoker.<InvokeInnerFilterAsync>g__Awaited|13_0(ControllerActionInvoker invoker, Task lastTask, State next, Scope scope, Object state, Boolean isCompleted)
   at Microsoft.AspNetCore.Mvc.Infrastructure.ResourceInvoker.<InvokeFilterPipelineAsync>g__Awaited|20_0(ResourceInvoker invoker, Task lastTask, State next, Scope scope, Object state, Boolean isCompleted)
   at Microsoft.AspNetCore.Mvc.Infrastructure.ResourceInvoker.<InvokeAsync>g__Awaited|17_0(ResourceInvoker invoker, Task task, IDisposable scope)
   at Microsoft.AspNetCore.Mvc.Infrastructure.ResourceInvoker.<InvokeAsync>g__Awaited|17_0(ResourceInvoker invoker, Task task, IDisposable scope)
   at Microsoft.AspNetCore.Authorization.AuthorizationMiddleware.Invoke(HttpContext context)
   at Microsoft.AspNetCore.Authentication.AuthenticationMiddleware.Invoke(HttpContext context)
   at Microsoft.AspNetCore.RateLimiting.RateLimitingMiddleware.InvokeInternal(HttpContext context, EnableRateLimitingAttribute enableRateLimitingAttribute)
   at Swashbuckle.AspNetCore.SwaggerUI.SwaggerUIMiddleware.Invoke(HttpContext httpContext)
   at Swashbuckle.AspNetCore.Swagger.SwaggerMiddleware.Invoke(HttpContext httpContext, ISwaggerProvider swaggerProvider)
   at Serilog.AspNetCore.RequestLoggingMiddleware.Invoke(HttpContext httpContext)
2026-09-26 23:03:34.982 +03:00 [WRN] Business exception [INVALID_CREDENTIALS]: رقم الهاتف أو كلمة المرور غير صحيحة.
2026-09-26 23:03:49.689 +03:00 [INF] Executed DbCommand (1ms) [Parameters=[@request_Phone='777000000'], CommandType='"Text"', CommandTimeout='30']
SELECT u."Id", u."CreatedAt", u."Email", u."FcmToken", u."IsActive", u."PasswordHash", u."Phone", u."Role", u."UpdatedAt", c."Id", c."CreatedAt", c."FullName", c."ProfileImageKey", c."UpdatedAt", c."UserId", d."Id", d."CreatedAt", d."FullName", d."Phone", d."Status", d."UpdatedAt", d."UserId"
FROM "Users" AS u
LEFT JOIN "Customers" AS c ON u."Id" = c."UserId"
LEFT JOIN "Drivers" AS d ON u."Id" = d."UserId"
WHERE u."Phone" = @request_Phone
LIMIT 1
2026-09-26 23:03:50.593 +03:00 [INF] Executed DbCommand (25ms) [Parameters=[@p0='01a0df51-1e40-72b6-89a7-b8eaee6ffe54', @p1='2026-09-26T20:03:50.4494733Z' (DbType = DateTime), @p2='2026-10-26T20:03:50.4491284Z' (DbType = DateTime), @p3='False', @p4='r7ihaE8gF0TJsMfYMVvBFSPA6VWDicuPUTylx8t+VsE=' (Nullable = false), @p5='2026-09-26T20:03:50.4494734Z' (DbType = DateTime), @p6='4c39b4c4-f51d-4fad-a42c-d03db9ef7d62'], CommandType='"Text"', CommandTimeout='30']
INSERT INTO "RefreshTokens" ("Id", "CreatedAt", "ExpiresAt", "IsRevoked", "TokenHash", "UpdatedAt", "UserId")
VALUES (@p0, @p1, @p2, @p3, @p4, @p5, @p6);
2026-09-26 23:03:50.619 +03:00 [INF] HTTP POST /api/auth/login responded 200 in 1018.3873 ms
2026-09-26 23:05:42.808 +03:00 [INF] Executed DbCommand (1ms) [Parameters=[@request_Phone='778123456'], CommandType='"Text"', CommandTimeout='30']
SELECT u."Id", u."CreatedAt", u."Email", u."FcmToken", u."IsActive", u."PasswordHash", u."Phone", u."Role", u."UpdatedAt", c."Id", c."CreatedAt", c."FullName", c."ProfileImageKey", c."UpdatedAt", c."UserId", d."Id", d."CreatedAt", d."FullName", d."Phone", d."Status", d."UpdatedAt", d."UserId"
FROM "Users" AS u
LEFT JOIN "Customers" AS c ON u."Id" = c."UserId"
LEFT JOIN "Drivers" AS d ON u."Id" = d."UserId"
WHERE u."Phone" = @request_Phone
LIMIT 1
2026-09-26 23:05:42.809 +03:00 [ERR] HTTP POST /api/auth/login responded 500 in 12.5587 ms
BSStore.Domain.Exceptions.BusinessRuleException: رقم الهاتف أو كلمة المرور غير صحيحة.
   at BSStore.Infrastructure.Services.AuthService.LoginAsync(LoginRequest request, CancellationToken ct) in d:\MyProjects\BS_Store\backend\src\BSStore.Infrastructure\Services\AuthService.cs:line 86
   at BSStore.API.Controllers.AuthController.Login(LoginRequest request, CancellationToken ct) in d:\MyProjects\BS_Store\backend\src\BSStore.API\Controllers\AuthController.cs:line 38
   at Microsoft.AspNetCore.Mvc.Infrastructure.ActionMethodExecutor.TaskOfIActionResultExecutor.Execute(ActionContext actionContext, IActionResultTypeMapper mapper, ObjectMethodExecutor executor, Object controller, Object[] arguments)
   at Microsoft.AspNetCore.Mvc.Infrastructure.ControllerActionInvoker.<InvokeActionMethodAsync>g__Awaited|12_0(ControllerActionInvoker invoker, ValueTask`1 actionResultValueTask)
   at Microsoft.AspNetCore.Mvc.Infrastructure.ControllerActionInvoker.<InvokeNextActionFilterAsync>g__Awaited|10_0(ControllerActionInvoker invoker, Task lastTask, State next, Scope scope, Object state, Boolean isCompleted)
   at Microsoft.AspNetCore.Mvc.Infrastructure.ControllerActionInvoker.Rethrow(ActionExecutedContextSealed context)
   at Microsoft.AspNetCore.Mvc.Infrastructure.ControllerActionInvoker.Next(State& next, Scope& scope, Object& state, Boolean& isCompleted)
   at Microsoft.AspNetCore.Mvc.Infrastructure.ControllerActionInvoker.<InvokeInnerFilterAsync>g__Awaited|13_0(ControllerActionInvoker invoker, Task lastTask, State next, Scope scope, Object state, Boolean isCompleted)
   at Microsoft.AspNetCore.Mvc.Infrastructure.ResourceInvoker.<InvokeFilterPipelineAsync>g__Awaited|20_0(ResourceInvoker invoker, Task lastTask, State next, Scope scope, Object state, Boolean isCompleted)
   at Microsoft.AspNetCore.Mvc.Infrastructure.ResourceInvoker.<InvokeAsync>g__Awaited|17_0(ResourceInvoker invoker, Task task, IDisposable scope)
   at Microsoft.AspNetCore.Mvc.Infrastructure.ResourceInvoker.<InvokeAsync>g__Awaited|17_0(ResourceInvoker invoker, Task task, IDisposable scope)
   at Microsoft.AspNetCore.Authorization.AuthorizationMiddleware.Invoke(HttpContext context)
   at Microsoft.AspNetCore.Authentication.AuthenticationMiddleware.Invoke(HttpContext context)
   at Microsoft.AspNetCore.RateLimiting.RateLimitingMiddleware.InvokeInternal(HttpContext context, EnableRateLimitingAttribute enableRateLimitingAttribute)
   at Swashbuckle.AspNetCore.SwaggerUI.SwaggerUIMiddleware.Invoke(HttpContext httpContext)
   at Swashbuckle.AspNetCore.Swagger.SwaggerMiddleware.Invoke(HttpContext httpContext, ISwaggerProvider swaggerProvider)
   at Serilog.AspNetCore.RequestLoggingMiddleware.Invoke(HttpContext httpContext)
2026-09-26 23:05:42.811 +03:00 [WRN] Business exception [INVALID_CREDENTIALS]: رقم الهاتف أو كلمة المرور غير صحيحة.
2026-09-26 23:10:30.142 +03:00 [WRN] Entity 'Product' has a global query filter defined and is the required end of a relationship with the entity 'CartItem'. This may lead to unexpected results when the required entity is filtered out. Either configure the navigation as optional, or define matching query filters for both entities in the navigation. See https://go.microsoft.com/fwlink/?linkid=2131316 for more information.
2026-09-26 23:10:30.187 +03:00 [WRN] Entity 'Product' has a global query filter defined and is the required end of a relationship with the entity 'InventoryTransaction'. This may lead to unexpected results when the required entity is filtered out. Either configure the navigation as optional, or define matching query filters for both entities in the navigation. See https://go.microsoft.com/fwlink/?linkid=2131316 for more information.
2026-09-26 23:10:30.187 +03:00 [WRN] Entity 'Product' has a global query filter defined and is the required end of a relationship with the entity 'ProductImage'. This may lead to unexpected results when the required entity is filtered out. Either configure the navigation as optional, or define matching query filters for both entities in the navigation. See https://go.microsoft.com/fwlink/?linkid=2131316 for more information.
2026-09-26 23:10:30.197 +03:00 [WRN] Sensitive data logging is enabled. Log entries and exception messages may include sensitive application data; this mode should only be enabled during development.
2026-09-26 23:10:30.718 +03:00 [INF] Executed DbCommand (30ms) [Parameters=[], CommandType='"Text"', CommandTimeout='30']
SELECT "MigrationId", "ProductVersion"
FROM "__EFMigrationsHistory"
ORDER BY "MigrationId";
2026-09-26 23:10:31.023 +03:00 [INF] Executed DbCommand (5ms) [Parameters=[], CommandType='"Text"', CommandTimeout='30']
SELECT 1
2026-09-26 23:10:31.097 +03:00 [INF] Executed DbCommand (8ms) [Parameters=[], CommandType='"Text"', CommandTimeout='30']
CREATE TABLE IF NOT EXISTS "__EFMigrationsHistory" (
    "MigrationId" character varying(150) NOT NULL,
    "ProductVersion" character varying(32) NOT NULL,
    CONSTRAINT "PK___EFMigrationsHistory" PRIMARY KEY ("MigrationId")
);
2026-09-26 23:10:31.117 +03:00 [INF] Executed DbCommand (1ms) [Parameters=[], CommandType='"Text"', CommandTimeout='30']
LOCK TABLE "__EFMigrationsHistory" IN ACCESS EXCLUSIVE MODE
2026-09-26 23:10:31.122 +03:00 [INF] Executed DbCommand (2ms) [Parameters=[], CommandType='"Text"', CommandTimeout='30']
SELECT "MigrationId", "ProductVersion"
FROM "__EFMigrationsHistory"
ORDER BY "MigrationId";
2026-09-26 23:10:31.131 +03:00 [INF] Database migration applied successfully.
2026-09-26 23:10:31.446 +03:00 [WRN] The query uses the 'First'/'FirstOrDefault' operator without 'OrderBy' and filter operators. This may lead to unpredictable results.
2026-09-26 23:10:31.577 +03:00 [INF] Executed DbCommand (2ms) [Parameters=[], CommandType='"Text"', CommandTimeout='30']
SELECT d."Id", d."BaseDistanceKm", d."BaseFee", d."FreeDeliveryRadius", d."IsEnabled", d."PerKmFee", d."UpdatedAt", d."UpdatedBy"
FROM "DeliverySettings" AS d
LIMIT 1
2026-09-26 23:10:31.709 +03:00 [INF] Executed DbCommand (1ms) [Parameters=[], CommandType='"Text"', CommandTimeout='30']
SELECT EXISTS (
    SELECT 1
    FROM "PaymentSettings" AS p)
2026-09-26 23:10:31.718 +03:00 [INF] Executed DbCommand (1ms) [Parameters=[], CommandType='"Text"', CommandTimeout='30']
SELECT EXISTS (
    SELECT 1
    FROM "CancellationReasons" AS c)
2026-09-26 23:10:31.784 +03:00 [INF] Executed DbCommand (12ms) [Parameters=[@adminPhone='777000000'], CommandType='"Text"', CommandTimeout='30']
SELECT EXISTS (
    SELECT 1
    FROM "Users" AS u
    WHERE u."Phone" = @adminPhone)
2026-09-26 23:10:31.788 +03:00 [INF] Executed DbCommand (1ms) [Parameters=[@driverPhone='777000222'], CommandType='"Text"', CommandTimeout='30']
SELECT EXISTS (
    SELECT 1
    FROM "Users" AS u
    WHERE u."Phone" = @driverPhone)
2026-09-26 23:10:31.792 +03:00 [INF] Executed DbCommand (1ms) [Parameters=[@customerPhone='778123456'], CommandType='"Text"', CommandTimeout='30']
SELECT EXISTS (
    SELECT 1
    FROM "Users" AS u
    WHERE u."Phone" = @customerPhone)
2026-09-26 23:10:31.794 +03:00 [INF] Seeding Demo Customer...
2026-09-26 23:10:32.348 +03:00 [INF] Executed DbCommand (5ms) [Parameters=[@p0='01a0df57-3fa7-7ff3-83c2-1c77a0d8e2a9', @p1='2026-09-26T20:10:31.7951480Z' (DbType = DateTime), @p2=NULL, @p3=NULL, @p4='True', @p5='$2a$12$gCEuMn3H1UfSxiZGovlPReEn9s.zdVLfPO3Kkp/bKfAeQmQhTI/da' (Nullable = false), @p6='778123456' (Nullable = false), @p7='Customer' (Nullable = false), @p8='2026-09-26T20:10:31.7951481Z' (DbType = DateTime)], CommandType='"Text"', CommandTimeout='30']
INSERT INTO "Users" ("Id", "CreatedAt", "Email", "FcmToken", "IsActive", "PasswordHash", "Phone", "Role", "UpdatedAt")
VALUES (@p0, @p1, @p2, @p3, @p4, @p5, @p6, @p7, @p8);
2026-09-26 23:10:32.495 +03:00 [INF] Executed DbCommand (12ms) [Parameters=[@p0='01a0df57-402a-7e3d-9634-632a317fec49', @p1='2026-09-26T20:10:32.3580240Z' (DbType = DateTime), @p2='عبدالله محمد السقاف' (Nullable = false), @p3=NULL, @p4='2026-09-26T20:10:32.3580244Z' (DbType = DateTime), @p5='01a0df57-3fa7-7ff3-83c2-1c77a0d8e2a9', @p6='01a0df57-4053-74bd-adaa-315dc5297de6', @p7='برج السقاف 4', @p8='صنعاء' (Nullable = false), @p9='2026-09-26T20:10:32.3971704Z' (DbType = DateTime), @p10='01a0df57-402a-7e3d-9634-632a317fec49', @p11='بجوار مركز حدة التجاري', @p12='حدة' (Nullable = false), @p13='True', @p14='Home' (Nullable = false), @p15='15.3340', @p16='44.1850', @p17='شارع صفر' (Nullable = false), @p18='2026-09-26T20:10:32.3971707Z' (DbType = DateTime), @p19='01a0df57-4076-7b37-855f-40593e20a889', @p20='2026-09-26T20:10:32.4340926Z' (DbType = DateTime), @p21='01a0df57-402a-7e3d-9634-632a317fec49', @p22='2026-09-26T20:10:32.4340929Z' (DbType = DateTime)], CommandType='"Text"', CommandTimeout='30']
INSERT INTO "Customers" ("Id", "CreatedAt", "FullName", "ProfileImageKey", "UpdatedAt", "UserId")
VALUES (@p0, @p1, @p2, @p3, @p4, @p5);
INSERT INTO "Addresses" ("Id", "Building", "City", "CreatedAt", "CustomerId", "Description", "District", "IsDefault", "Label", "Latitude", "Longitude", "Street", "UpdatedAt")
VALUES (@p6, @p7, @p8, @p9, @p10, @p11, @p12, @p13, @p14, @p15, @p16, @p17, @p18);
INSERT INTO "Carts" ("Id", "CreatedAt", "CustomerId", "UpdatedAt")
VALUES (@p19, @p20, @p21, @p22);
2026-09-26 23:10:32.502 +03:00 [INF] Executed DbCommand (1ms) [Parameters=[], CommandType='"Text"', CommandTimeout='30']
SELECT EXISTS (
    SELECT 1
    FROM "Categories" AS c)
2026-09-26 23:10:32.507 +03:00 [INF] BS Store API starting on Development
2026-09-26 23:10:51.579 +03:00 [INF] Executed DbCommand (2ms) [Parameters=[@request_Phone='778123456'], CommandType='"Text"', CommandTimeout='30']
SELECT u."Id", u."CreatedAt", u."Email", u."FcmToken", u."IsActive", u."PasswordHash", u."Phone", u."Role", u."UpdatedAt", c."Id", c."CreatedAt", c."FullName", c."ProfileImageKey", c."UpdatedAt", c."UserId", d."Id", d."CreatedAt", d."FullName", d."Phone", d."Status", d."UpdatedAt", d."UserId"
FROM "Users" AS u
LEFT JOIN "Customers" AS c ON u."Id" = c."UserId"
LEFT JOIN "Drivers" AS d ON u."Id" = d."UserId"
WHERE u."Phone" = @request_Phone
LIMIT 1
2026-09-26 23:10:51.982 +03:00 [INF] Executed DbCommand (1ms) [Parameters=[@p0='01a0df57-8cbc-7fd6-8f51-c58c14be02a2', @p1='2026-09-26T20:10:51.9616170Z' (DbType = DateTime), @p2='2026-10-26T20:10:51.9612928Z' (DbType = DateTime), @p3='False', @p4='/SBzc1un77qEIwPlWZpboleDyv8s56X58u3LR49pvjM=' (Nullable = false), @p5='2026-09-26T20:10:51.9616172Z' (DbType = DateTime), @p6='01a0df57-3fa7-7ff3-83c2-1c77a0d8e2a9'], CommandType='"Text"', CommandTimeout='30']
INSERT INTO "RefreshTokens" ("Id", "CreatedAt", "ExpiresAt", "IsRevoked", "TokenHash", "UpdatedAt", "UserId")
VALUES (@p0, @p1, @p2, @p3, @p4, @p5, @p6);
2026-09-26 23:10:52.017 +03:00 [INF] HTTP POST /api/auth/login responded 200 in 644.8758 ms
2026-09-26 23:34:28.408 +03:00 [INF] Executed DbCommand (6ms) [Parameters=[@request_Phone='779999999'], CommandType='"Text"', CommandTimeout='30']
SELECT u."Id", u."CreatedAt", u."Email", u."FcmToken", u."IsActive", u."PasswordHash", u."Phone", u."Role", u."UpdatedAt", c."Id", c."CreatedAt", c."FullName", c."ProfileImageKey", c."UpdatedAt", c."UserId", d."Id", d."CreatedAt", d."FullName", d."Phone", d."Status", d."UpdatedAt", d."UserId"
FROM "Users" AS u
LEFT JOIN "Customers" AS c ON u."Id" = c."UserId"
LEFT JOIN "Drivers" AS d ON u."Id" = d."UserId"
WHERE u."Phone" = @request_Phone
LIMIT 1
2026-09-26 23:34:28.412 +03:00 [ERR] HTTP POST /api/auth/login responded 500 in 131.9720 ms
BSStore.Domain.Exceptions.BusinessRuleException: رقم الهاتف أو كلمة المرور غير صحيحة.
   at BSStore.Infrastructure.Services.AuthService.LoginAsync(LoginRequest request, CancellationToken ct) in D:\MyProjects\BS_Store\backend\src\BSStore.Infrastructure\Services\AuthService.cs:line 86
   at BSStore.API.Controllers.AuthController.Login(LoginRequest request, CancellationToken ct) in D:\MyProjects\BS_Store\backend\src\BSStore.API\Controllers\AuthController.cs:line 38
   at Microsoft.AspNetCore.Mvc.Infrastructure.ActionMethodExecutor.TaskOfIActionResultExecutor.Execute(ActionContext actionContext, IActionResultTypeMapper mapper, ObjectMethodExecutor executor, Object controller, Object[] arguments)
   at Microsoft.AspNetCore.Mvc.Infrastructure.ControllerActionInvoker.<InvokeActionMethodAsync>g__Awaited|12_0(ControllerActionInvoker invoker, ValueTask`1 actionResultValueTask)
   at Microsoft.AspNetCore.Mvc.Infrastructure.ControllerActionInvoker.<InvokeNextActionFilterAsync>g__Awaited|10_0(ControllerActionInvoker invoker, Task lastTask, State next, Scope scope, Object state, Boolean isCompleted)
   at Microsoft.AspNetCore.Mvc.Infrastructure.ControllerActionInvoker.Rethrow(ActionExecutedContextSealed context)
   at Microsoft.AspNetCore.Mvc.Infrastructure.ControllerActionInvoker.Next(State& next, Scope& scope, Object& state, Boolean& isCompleted)
   at Microsoft.AspNetCore.Mvc.Infrastructure.ControllerActionInvoker.<InvokeInnerFilterAsync>g__Awaited|13_0(ControllerActionInvoker invoker, Task lastTask, State next, Scope scope, Object state, Boolean isCompleted)
   at Microsoft.AspNetCore.Mvc.Infrastructure.ResourceInvoker.<InvokeFilterPipelineAsync>g__Awaited|20_0(ResourceInvoker invoker, Task lastTask, State next, Scope scope, Object state, Boolean isCompleted)
   at Microsoft.AspNetCore.Mvc.Infrastructure.ResourceInvoker.<InvokeAsync>g__Awaited|17_0(ResourceInvoker invoker, Task task, IDisposable scope)
   at Microsoft.AspNetCore.Mvc.Infrastructure.ResourceInvoker.<InvokeAsync>g__Awaited|17_0(ResourceInvoker invoker, Task task, IDisposable scope)
   at Microsoft.AspNetCore.Authorization.AuthorizationMiddleware.Invoke(HttpContext context)
   at Microsoft.AspNetCore.Authentication.AuthenticationMiddleware.Invoke(HttpContext context)
   at Microsoft.AspNetCore.RateLimiting.RateLimitingMiddleware.InvokeInternal(HttpContext context, EnableRateLimitingAttribute enableRateLimitingAttribute)
   at Swashbuckle.AspNetCore.SwaggerUI.SwaggerUIMiddleware.Invoke(HttpContext httpContext)
   at Swashbuckle.AspNetCore.Swagger.SwaggerMiddleware.Invoke(HttpContext httpContext, ISwaggerProvider swaggerProvider)
   at Serilog.AspNetCore.RequestLoggingMiddleware.Invoke(HttpContext httpContext)
2026-09-26 23:34:28.433 +03:00 [WRN] Business exception [INVALID_CREDENTIALS]: رقم الهاتف أو كلمة المرور غير صحيحة.
2026-09-26 23:34:28.455 +03:00 [INF] Executed DbCommand (1ms) [Parameters=[@request_Phone='778123456'], CommandType='"Text"', CommandTimeout='30']
SELECT u."Id", u."CreatedAt", u."Email", u."FcmToken", u."IsActive", u."PasswordHash", u."Phone", u."Role", u."UpdatedAt", c."Id", c."CreatedAt", c."FullName", c."ProfileImageKey", c."UpdatedAt", c."UserId", d."Id", d."CreatedAt", d."FullName", d."Phone", d."Status", d."UpdatedAt", d."UserId"
FROM "Users" AS u
LEFT JOIN "Customers" AS c ON u."Id" = c."UserId"
LEFT JOIN "Drivers" AS d ON u."Id" = d."UserId"
WHERE u."Phone" = @request_Phone
LIMIT 1
2026-09-26 23:34:28.854 +03:00 [INF] Executed DbCommand (3ms) [Parameters=[@p0='01a0df6d-2b72-7e5e-9d33-4a22af08f1ab', @p1='2026-09-26T20:34:28.8496555Z' (DbType = DateTime), @p2='2026-10-26T20:34:28.8496204Z' (DbType = DateTime), @p3='False', @p4='KJovwFRAYlgBfHVXh/J2xwJmyDLkyyYkCxV7dwLtUYU=' (Nullable = false), @p5='2026-09-26T20:34:28.8496556Z' (DbType = DateTime), @p6='01a0df57-3fa7-7ff3-83c2-1c77a0d8e2a9'], CommandType='"Text"', CommandTimeout='30']
INSERT INTO "RefreshTokens" ("Id", "CreatedAt", "ExpiresAt", "IsRevoked", "TokenHash", "UpdatedAt", "UserId")
VALUES (@p0, @p1, @p2, @p3, @p4, @p5, @p6);
2026-09-26 23:34:28.856 +03:00 [INF] HTTP POST /api/auth/login responded 200 in 409.9035 ms
2026-09-26 23:34:28.866 +03:00 [INF] HTTP GET /api/addresses responded 404 in 5.5485 ms
2026-09-26 23:35:08.498 +03:00 [INF] Executed DbCommand (1ms) [Parameters=[@request_Phone='779999999'], CommandType='"Text"', CommandTimeout='30']
SELECT u."Id", u."CreatedAt", u."Email", u."FcmToken", u."IsActive", u."PasswordHash", u."Phone", u."Role", u."UpdatedAt", c."Id", c."CreatedAt", c."FullName", c."ProfileImageKey", c."UpdatedAt", c."UserId", d."Id", d."CreatedAt", d."FullName", d."Phone", d."Status", d."UpdatedAt", d."UserId"
FROM "Users" AS u
LEFT JOIN "Customers" AS c ON u."Id" = c."UserId"
LEFT JOIN "Drivers" AS d ON u."Id" = d."UserId"
WHERE u."Phone" = @request_Phone
LIMIT 1
2026-09-26 23:35:08.499 +03:00 [ERR] HTTP POST /api/auth/login responded 500 in 4.2532 ms
BSStore.Domain.Exceptions.BusinessRuleException: رقم الهاتف أو كلمة المرور غير صحيحة.
   at BSStore.Infrastructure.Services.AuthService.LoginAsync(LoginRequest request, CancellationToken ct) in D:\MyProjects\BS_Store\backend\src\BSStore.Infrastructure\Services\AuthService.cs:line 86
   at BSStore.API.Controllers.AuthController.Login(LoginRequest request, CancellationToken ct) in D:\MyProjects\BS_Store\backend\src\BSStore.API\Controllers\AuthController.cs:line 38
   at Microsoft.AspNetCore.Mvc.Infrastructure.ActionMethodExecutor.TaskOfIActionResultExecutor.Execute(ActionContext actionContext, IActionResultTypeMapper mapper, ObjectMethodExecutor executor, Object controller, Object[] arguments)
   at Microsoft.AspNetCore.Mvc.Infrastructure.ControllerActionInvoker.<InvokeActionMethodAsync>g__Awaited|12_0(ControllerActionInvoker invoker, ValueTask`1 actionResultValueTask)
   at Microsoft.AspNetCore.Mvc.Infrastructure.ControllerActionInvoker.<InvokeNextActionFilterAsync>g__Awaited|10_0(ControllerActionInvoker invoker, Task lastTask, State next, Scope scope, Object state, Boolean isCompleted)
   at Microsoft.AspNetCore.Mvc.Infrastructure.ControllerActionInvoker.Rethrow(ActionExecutedContextSealed context)
   at Microsoft.AspNetCore.Mvc.Infrastructure.ControllerActionInvoker.Next(State& next, Scope& scope, Object& state, Boolean& isCompleted)
   at Microsoft.AspNetCore.Mvc.Infrastructure.ControllerActionInvoker.<InvokeInnerFilterAsync>g__Awaited|13_0(ControllerActionInvoker invoker, Task lastTask, State next, Scope scope, Object state, Boolean isCompleted)
   at Microsoft.AspNetCore.Mvc.Infrastructure.ResourceInvoker.<InvokeFilterPipelineAsync>g__Awaited|20_0(ResourceInvoker invoker, Task lastTask, State next, Scope scope, Object state, Boolean isCompleted)
   at Microsoft.AspNetCore.Mvc.Infrastructure.ResourceInvoker.<InvokeAsync>g__Awaited|17_0(ResourceInvoker invoker, Task task, IDisposable scope)
   at Microsoft.AspNetCore.Mvc.Infrastructure.ResourceInvoker.<InvokeAsync>g__Awaited|17_0(ResourceInvoker invoker, Task task, IDisposable scope)
   at Microsoft.AspNetCore.Authorization.AuthorizationMiddleware.Invoke(HttpContext context)
   at Microsoft.AspNetCore.Authentication.AuthenticationMiddleware.Invoke(HttpContext context)
   at Microsoft.AspNetCore.RateLimiting.RateLimitingMiddleware.InvokeInternal(HttpContext context, EnableRateLimitingAttribute enableRateLimitingAttribute)
   at Swashbuckle.AspNetCore.SwaggerUI.SwaggerUIMiddleware.Invoke(HttpContext httpContext)
   at Swashbuckle.AspNetCore.Swagger.SwaggerMiddleware.Invoke(HttpContext httpContext, ISwaggerProvider swaggerProvider)
   at Serilog.AspNetCore.RequestLoggingMiddleware.Invoke(HttpContext httpContext)
2026-09-26 23:35:08.502 +03:00 [WRN] Business exception [INVALID_CREDENTIALS]: رقم الهاتف أو كلمة المرور غير صحيحة.
2026-09-26 23:35:08.513 +03:00 [INF] Executed DbCommand (1ms) [Parameters=[@request_Phone='778123456'], CommandType='"Text"', CommandTimeout='30']
SELECT u."Id", u."CreatedAt", u."Email", u."FcmToken", u."IsActive", u."PasswordHash", u."Phone", u."Role", u."UpdatedAt", c."Id", c."CreatedAt", c."FullName", c."ProfileImageKey", c."UpdatedAt", c."UserId", d."Id", d."CreatedAt", d."FullName", d."Phone", d."Status", d."UpdatedAt", d."UserId"
FROM "Users" AS u
LEFT JOIN "Customers" AS c ON u."Id" = c."UserId"
LEFT JOIN "Drivers" AS d ON u."Id" = d."UserId"
WHERE u."Phone" = @request_Phone
LIMIT 1
2026-09-26 23:35:08.915 +03:00 [INF] Executed DbCommand (1ms) [Parameters=[@p0='01a0df6d-c7f1-7e71-ba82-4c786b3893a2', @p1='2026-09-26T20:35:08.9130464Z' (DbType = DateTime), @p2='2026-10-26T20:35:08.9130257Z' (DbType = DateTime), @p3='False', @p4='OYFWEsOAJUbAetPd6xIBYqwmrpYWaSGTB0P+yRH7OV8=' (Nullable = false), @p5='2026-09-26T20:35:08.9130465Z' (DbType = DateTime), @p6='01a0df57-3fa7-7ff3-83c2-1c77a0d8e2a9'], CommandType='"Text"', CommandTimeout='30']
INSERT INTO "RefreshTokens" ("Id", "CreatedAt", "ExpiresAt", "IsRevoked", "TokenHash", "UpdatedAt", "UserId")
VALUES (@p0, @p1, @p2, @p3, @p4, @p5, @p6);
2026-09-26 23:35:08.916 +03:00 [INF] HTTP POST /api/auth/login responded 200 in 405.8661 ms
2026-09-26 23:35:08.920 +03:00 [INF] HTTP GET /api/addresses responded 404 in 0.8421 ms
